     1                                  %include       "../include/define.s"
     1                              <1> 
     2                              <1> BOOT_SIZE       equ     (1024 * 8)              ;ブートコードサイズ
     3                              <1> KERNEL_SIZE     equ     (1024 * 8)   
     4                              <1> BOOT_LOAD       equ     0x7c00                  ;ブートプログラムのロード位置
     5                              <1>                                                 ;これがないと0x0000にロードされることになってしまうが
     6                              <1>                                                 ;BIOSそこはがすでに使っている領域である
     7                              <1> 
     8                              <1> BOOT_END        equ     (BOOT_LOAD + BOOT_SIZE)
     9                              <1> SECT_SIZE       equ     (512)                   ;セクタサイズ
    10                              <1> BOOT_SECT       equ     (BOOT_SIZE/SECT_SIZE)   ;ブートプログラムのセクタサイズ
    11                              <1> KERNEL_SECT     equ     (KERNEL_SIZE/SECT_SIZE)
    12                              <1> 
    13                              <1> E820_RECORD_SIZE    equ     20
    14                              <1> 
    15                              <1> KERNEL_LOAD     equ     0x0010_1000
    16                              <1> 
    17                              <1>   
     2                                  %include       "../include/macro.s"
     1                              <1> %macro      cdecl 1-*.nolist
     2                              <1> 
     3                              <1>     %rep    %0 - 1
     4                              <1>         push    %{-1:-1}
     5                              <1>         %rotate -1
     6                              <1>     %endrep
     7                              <1>     %rotate -1
     8                              <1> 
     9                              <1>         call    %1
    10                              <1> 
    11                              <1>     %if 1 < %0
    12                              <1>         add     sp, (__BITS__>>3) * (%0 - 1)
    13                              <1>     %endif
    14                              <1> 
    15                              <1> %endmacro
    16                              <1> 
    17                              <1> struc drive
    18 00000000 <res 00000002>      <1>         .no     resw    1
    19 00000002 <res 00000002>      <1>         .cyln   resw    1
    20 00000004 <res 00000002>      <1>         .head   resw    1
    21 00000006 <res 00000002>      <1>         .sect   resw    1
    22                              <1> endstruc
    23                              <1> 
     3                                  
     4                                      ORG      KERNEL_LOAD
     5                                  
     6                                  [BITS 32]
     7                                  
     8                                  ; エントリーポイント
     9                                  
    10                                  kernel:
    11                                      
    12 00000000 EBFE                        jmp     $   
    13                                  
    14                                  ; パディング
    15                                  
    16 00000002 00<rept>                    times  KERNEL_SIZE - ($ - $$) db 0x00
    17                                      
